// Jest Snapshot v1, https://goo.gl/fbAQLP

exports[`renders correctly 1`] = `
<View
  style={
    {
      "alignItems": "center",
      "backgroundColor": "#FFD6EC",
      "borderRadius": 10,
      "elevation": 4,
      "justifyContent": "center",
      "marginHorizontal": 25,
      "marginTop": 100,
      "padding": 16,
      "shadowColor": "#000000",
      "shadowOffset": {
        "height": 2,
        "width": 0,
      },
      "shadowOpacity": 0.25,
      "shadowRadius": 6,
    }
  }
>
  <TextInput
    allowFontScaling={true}
    autoCapitalize="none"
    autoCorrect={false}
    keyboardType="number-pad"
    maxLength={2}
    onChangeText={[Function]}
    rejectResponderTermination={true}
    style={
      {
        "borderBottomColor": "#FFA1CF",
        "borderBottomWidth": 2,
        "fontSize": 32,
        "fontWeight": "bold",
        "height": 50,
        "marginVertical": 8,
        "textAlign": "center",
        "width": 50,
      }
    }
    underlineColorAndroid="transparent"
    value=""
  />
  <View
    style={
      {
        "flexDirection": "row",
      }
    }
  >
    <View
      style={
        {
          "flex": 1,
        }
      }
    >
      <View
        style={
          {
            "borderRadius": 30,
            "margin": 4,
            "overflow": "hidden",
          }
        }
      >
        <View
          accessible={true}
          collapsable={false}
          focusable={true}
          onBlur={[Function]}
          onClick={[Function]}
          onFocus={[Function]}
          onResponderGrant={[Function]}
          onResponderMove={[Function]}
          onResponderRelease={[Function]}
          onResponderTerminate={[Function]}
          onResponderTerminationRequest={[Function]}
          onStartShouldSetResponder={[Function]}
          style={
            {
              "backgroundColor": "#FF74B1",
              "elevation": 2,
              "paddingHorizontal": 8,
              "paddingVertical": 8,
            }
          }
        >
          <Text
            style={
              {
                "color": "#FFFFFF",
                "textAlign": "center",
              }
            }
          >
            Reset
          </Text>
        </View>
      </View>
    </View>
    <View
      style={
        {
          "flex": 1,
        }
      }
    >
      <View
        style={
          {
            "borderRadius": 30,
            "margin": 4,
            "overflow": "hidden",
          }
        }
      >
        <View
          accessible={true}
          collapsable={false}
          focusable={true}
          onBlur={[Function]}
          onClick={[Function]}
          onFocus={[Function]}
          onResponderGrant={[Function]}
          onResponderMove={[Function]}
          onResponderRelease={[Function]}
          onResponderTerminate={[Function]}
          onResponderTerminationRequest={[Function]}
          onStartShouldSetResponder={[Function]}
          style={
            {
              "backgroundColor": "#FF74B1",
              "elevation": 2,
              "paddingHorizontal": 8,
              "paddingVertical": 8,
            }
          }
        >
          <Text
            style={
              {
                "color": "#FFFFFF",
                "textAlign": "center",
              }
            }
          >
            Confirm
          </Text>
        </View>
      </View>
    </View>
  </View>
</View>
`;
